// Bun Snapshot v1, https://bun.sh/docs/test/snapshots

exports[`Dexamethasone Integration Test parses dexamethasone 1`] = `
{
  "components": [
    {
      "atoms": [
        "C",
      ],
      "attachments": {},
      "bonds": [],
      "type": "linear",
    },
    {
      "rings": [
        {
          "atoms": "C",
          "attachments": {
            "4": [
              {
                "atoms": [
                  "C",
                ],
                "attachments": {},
                "bonds": [
                  null,
                ],
                "type": "linear",
              },
            ],
            "5": [
              {
                "atoms": [
                  "O",
                ],
                "attachments": {},
                "bonds": [
                  null,
                ],
                "type": "linear",
              },
            ],
          },
          "bonds": [
            null,
            null,
            null,
            null,
            null,
          ],
          "offset": 0,
          "ringNumber": 1,
          "size": 5,
          "substitutions": {},
          "type": "ring",
        },
        {
          "atoms": "C",
          "attachments": {
            "3": [
              {
                "atoms": [
                  "F",
                ],
                "attachments": {},
                "bonds": [
                  null,
                ],
                "type": "linear",
              },
            ],
            "4": [
              {
                "atoms": [
                  "O",
                ],
                "attachments": {},
                "bonds": [
                  null,
                ],
                "type": "linear",
              },
            ],
            "6": [
              {
                "atoms": [
                  "C",
                ],
                "attachments": {},
                "bonds": [
                  null,
                ],
                "type": "linear",
              },
            ],
          },
          "bonds": [
            null,
            null,
            null,
            null,
            null,
            null,
          ],
          "offset": 2,
          "ringNumber": 2,
          "size": 6,
          "substitutions": {},
          "type": "ring",
        },
        {
          "atoms": "C",
          "attachments": {
            "5": [
              {
                "atoms": [
                  "C",
                ],
                "attachments": {},
                "bonds": [
                  null,
                ],
                "type": "linear",
              },
            ],
            "6": [
              {
                "atoms": [
                  "F",
                ],
                "attachments": {},
                "bonds": [
                  null,
                ],
                "type": "linear",
              },
            ],
          },
          "bonds": [
            null,
            null,
            null,
            null,
            null,
            null,
          ],
          "offset": 0,
          "ringNumber": 3,
          "size": 6,
          "substitutions": {},
          "type": "ring",
        },
        {
          "atoms": "C",
          "attachments": {
            "3": [
              {
                "atoms": [
                  "O",
                ],
                "attachments": {},
                "bonds": [
                  "=",
                ],
                "type": "linear",
              },
            ],
            "6": [
              {
                "atoms": [
                  "C",
                ],
                "attachments": {},
                "bonds": [
                  null,
                ],
                "type": "linear",
              },
            ],
          },
          "bonds": [
            "=",
            null,
            null,
            "=",
            null,
            null,
          ],
          "offset": 0,
          "ringNumber": 4,
          "size": 6,
          "substitutions": {},
          "type": "ring",
        },
      ],
      "type": "fused_ring",
    },
    {
      "atoms": [
        "C",
        "C",
        "O",
      ],
      "attachments": {
        "1": [
          {
            "atoms": [
              "O",
            ],
            "attachments": {},
            "bonds": [
              "=",
            ],
            "type": "linear",
          },
        ],
      },
      "bonds": [
        null,
        null,
      ],
      "type": "linear",
    },
  ],
  "type": "molecule",
}
`;

exports[`Dexamethasone Integration Test generates valid code via toCode() 1`] = `
"export const v1 = Linear(['C']);
export const v2 = Ring({ atoms: 'C', size: 5 });
export const v3 = Linear(['C']);
export const v4 = v2.attach(v3, 4);
export const v5 = Linear(['O']);
export const v6 = v4.attach(v5, 5);
export const v7 = Ring({ atoms: 'C', size: 6, ringNumber: 2, offset: 2 });
export const v8 = Linear(['F']);
export const v9 = v7.attach(v8, 3);
export const v10 = Linear(['O']);
export const v11 = v9.attach(v10, 4);
export const v12 = Linear(['C']);
export const v13 = v11.attach(v12, 6);
export const v14 = Ring({ atoms: 'C', size: 6, ringNumber: 3 });
export const v15 = Linear(['C']);
export const v16 = v14.attach(v15, 5);
export const v17 = Linear(['F']);
export const v18 = v16.attach(v17, 6);
export const v19 = Ring({ atoms: 'C', size: 6, ringNumber: 4, bonds: ['=', null, null, '=', null, null] });
export const v20 = Linear(['O'], ['=']);
export const v21 = v19.attach(v20, 3);
export const v22 = Linear(['C']);
export const v23 = v21.attach(v22, 6);
export const v24 = FusedRing([v6, v13, v18, v23]);
v24.rings[0].metaPositions = [1, 2, 3, 20, 22];
v24.rings[0].metaStart = 1;
v24.rings[0].metaEnd = 22;
v24.rings[1].metaPositions = [3, 4, 15, 17, 19, 20];
v24.rings[1].metaStart = 3;
v24.rings[1].metaEnd = 20;
v24.rings[2].metaPositions = [4, 5, 6, 7, 13, 15];
v24.rings[2].metaStart = 4;
v24.rings[2].metaEnd = 15;
v24.rings[3].metaPositions = [7, 8, 9, 11, 12, 13];
v24.rings[3].metaStart = 7;
v24.rings[3].metaEnd = 13;
v24.metaAllPositions = [1, 2, 3, 4, 5, 6, 7, 8, 9, 11, 12, 13, 15, 17, 19, 20, 22];
v24.metaBranchDepthMap = new Map([[1, 0], [2, 0], [3, 0], [4, 0], [5, 0], [6, 0], [7, 0], [8, 0], [9, 0], [11, 0], [12, 0], [13, 0], [15, 0], [17, 0], [19, 0], [20, 0], [22, 0]]);
v24.metaAtomValueMap = new Map([[1, 'C'], [2, 'C'], [3, 'C'], [4, 'C'], [5, 'C'], [6, 'C'], [7, 'C'], [8, 'C'], [9, 'C'], [11, 'C'], [12, 'C'], [13, 'C'], [15, 'C'], [17, 'C'], [19, 'C'], [20, 'C'], [22, 'C']]);
v24.metaBondMap = new Map([[8, '='], [12, '=']]);
v24.metaRingOrderMap = new Map([[1, [1, 1]], [2, [1]], [3, [2, 2, 1]], [4, [3, 3, 2]], [5, [3]], [6, [3]], [7, [4, 4, 3]], [8, [4]], [9, [4]], [11, [4]], [12, [4]], [13, [4, 3]], [15, [3, 2]], [17, [2]], [19, [2]], [20, [2, 1]], [22, [1]]]);
export const v25 = Linear(['C', 'C', 'O']);
export const v26 = Linear(['O'], ['=']);
export const v27 = v25.attach(v26, 1);
export const v28 = Molecule([v1, v24, v27]);"
`;
